// Jest Snapshot v1, https://goo.gl/fbAQLP

exports['<Tournament />.render <Tournament />.render when user is type Admin should render correctly should match snapshot: Admin_tournament.tsx.snap 1'] = `
Object {
  "asFragment": [Function],
  "baseElement": <body
    class="modal-open"
    style="padding-right: 0px;"
  >
    <div
      aria-hidden="true"
    />
    <div
      class="fade modal-backdrop show"
    />
    <div
      aria-modal="true"
      class="fade modal show"
      role="dialog"
      style="border-color: #ffc107; border-width: 3px; display: block;"
      tabindex="-1"
    >
      <div
        class="modal-dialog modal-lg modal-dialog-centered"
        data-cy="loader"
      >
        <div
          class="modal-content"
        >
          <div
            class="modal-header"
            style="color: whitesmoke; background-color: rgb(52, 58, 64); border-color: #ffc107;"
          >
            <div
              class="modal-title h4"
            >
              Caricamento....
            </div>
            <button
              class="close"
              type="button"
            >
              <span
                aria-hidden="true"
              >
                Ã—
              </span>
              <span
                class="sr-only"
              >
                Close
              </span>
            </button>
          </div>
          <div
            class="text-center font-weight-bold modal-body"
            style="color: whitesmoke; background-color: rgb(52, 58, 64); border-color: #ffc107;"
          >
            Caricamento....
          </div>
          <div
            class="modal-footer"
            style="color: whitesmoke; background-color: rgb(52, 58, 64); border-color: #ffc107;"
          >
            <div
              class="spinner-border text-light"
            />
            <div
              class="spinner-border text-primary"
            />
            <div
              class="spinner-border text-secondary"
            />
            <div
              class="spinner-border text-success"
            />
            <div
              class="spinner-border text-danger"
            />
            <div
              class="spinner-border text-warning"
            />
            <div
              class="spinner-border text-info"
            />
            <div
              class="spinner-border text-dark"
            />
          </div>
        </div>
      </div>
    </div>
  </body>,
  "container": <div
    aria-hidden="true"
  />,
  "debug": [Function],
  "findAllByAltText": [Function],
  "findAllByDisplayValue": [Function],
  "findAllByLabelText": [Function],
  "findAllByPlaceholderText": [Function],
  "findAllByRole": [Function],
  "findAllByTestId": [Function],
  "findAllByText": [Function],
  "findAllByTitle": [Function],
  "findByAltText": [Function],
  "findByDisplayValue": [Function],
  "findByLabelText": [Function],
  "findByPlaceholderText": [Function],
  "findByRole": [Function],
  "findByTestId": [Function],
  "findByText": [Function],
  "findByTitle": [Function],
  "getAllByAltText": [Function],
  "getAllByDisplayValue": [Function],
  "getAllByLabelText": [Function],
  "getAllByPlaceholderText": [Function],
  "getAllByRole": [Function],
  "getAllByTestId": [Function],
  "getAllByText": [Function],
  "getAllByTitle": [Function],
  "getByAltText": [Function],
  "getByDisplayValue": [Function],
  "getByLabelText": [Function],
  "getByPlaceholderText": [Function],
  "getByRole": [Function],
  "getByTestId": [Function],
  "getByText": [Function],
  "getByTitle": [Function],
  "queryAllByAltText": [Function],
  "queryAllByDisplayValue": [Function],
  "queryAllByLabelText": [Function],
  "queryAllByPlaceholderText": [Function],
  "queryAllByRole": [Function],
  "queryAllByTestId": [Function],
  "queryAllByText": [Function],
  "queryAllByTitle": [Function],
  "queryByAltText": [Function],
  "queryByDisplayValue": [Function],
  "queryByLabelText": [Function],
  "queryByPlaceholderText": [Function],
  "queryByRole": [Function],
  "queryByTestId": [Function],
  "queryByText": [Function],
  "queryByTitle": [Function],
  "rerender": [Function],
  "unmount": [Function],
}
`;

exports['<Tournament />.render <Tournament />.render when user is type User should render correctly should match snapshot: User_tournament.tsx.snap 1'] = `
Object {
  "asFragment": [Function],
  "baseElement": <body
    class=""
    style="padding-right: 0px;"
  >
    <div>
      <div
        class="row"
      >
        <div
          class="col-md-6 col-sm-12 offset-md-3"
        >
          <div
            class="card"
            data-cy="tournament-form"
            style="width: 100%; margin: auto; background-color: inherit; border-color: #ffc107; border-width: 3px; text-align: left;"
          >
            <h2
              class="card-header"
            >
              tournament
            </h2>
            <div
              class="card-body"
            >
              <div
                class="col"
              >
                <form
                  class=""
                >
                  <label
                    for="tournamentSelect"
                  >
                    select
                  </label>
                  <div
                    class=" css-2b097c-container"
                    id="tournamentSelect"
                  >
                    <span
                      aria-atomic="false"
                      aria-live="polite"
                      aria-relevant="additions text"
                      class="css-1f43avz-a11yText-A11yText"
                    />
                    <div
                      class=" css-fjyw0r-control"
                    >
                      <div
                        class=" css-4pj5om-ValueContainer"
                      >
                        <div
                          class=" css-1uccc91-singleValue"
                        >
                          hFarm2 - 2020/09/05 @ progress.new
                        </div>
                        <div
                          class="css-b8ldur-Input"
                        >
                          <div
                            class=""
                            style="display: inline-block;"
                          >
                            <input
                              aria-autocomplete="list"
                              aria-label="select"
                              autocapitalize="none"
                              autocomplete="off"
                              autocorrect="off"
                              id="react-select-3-input"
                              spellcheck="false"
                              style="box-sizing: content-box; width: 2px; border: 0px; opacity: 1; outline: 0; padding: 0px;"
                              tabindex="0"
                              type="text"
                              value=""
                            />
                            <div
                              style="position: absolute; top: 0px; left: 0px; visibility: hidden; height: 0px; overflow: scroll; white-space: pre; font-family: -webkit-small-control; letter-spacing: normal; text-transform: none;"
                            />
                          </div>
                        </div>
                      </div>
                      <div
                        class=" css-1hb7zxy-IndicatorsContainer"
                      >
                        <div
                          aria-hidden="true"
                          class=" css-tlfecz-indicatorContainer"
                        >
                          <svg
                            aria-hidden="true"
                            class="css-tj5bde-Svg"
                            focusable="false"
                            height="20"
                            viewBox="0 0 20 20"
                            width="20"
                          >
                            <path
                              d="M14.348 14.849c-0.469 0.469-1.229 0.469-1.697 0l-2.651-3.030-2.651 3.029c-0.469 0.469-1.229 0.469-1.697 0-0.469-0.469-0.469-1.229 0-1.697l2.758-3.15-2.759-3.152c-0.469-0.469-0.469-1.228 0-1.697s1.228-0.469 1.697 0l2.652 3.031 2.651-3.031c0.469-0.469 1.228-0.469 1.697 0s0.469 1.229 0 1.697l-2.758 3.152 2.758 3.15c0.469 0.469 0.469 1.229 0 1.698z"
                            />
                          </svg>
                        </div>
                        <span
                          style="align-self: stretch; background-color: green; margin-bottom: 8px; margin-top: 8px; margin-right: 10px; width: 1px;"
                        />
                        <div
                          aria-hidden="true"
                          class=" css-tlfecz-indicatorContainer"
                        >
                          <svg
                            aria-hidden="true"
                            class="css-tj5bde-Svg"
                            focusable="false"
                            height="20"
                            viewBox="0 0 20 20"
                            width="20"
                          >
                            <path
                              d="M4.516 7.548c0.436-0.446 1.043-0.481 1.576 0l3.908 3.747 3.908-3.747c0.533-0.481 1.141-0.446 1.574 0 0.436 0.445 0.408 1.197 0 1.615-0.406 0.418-4.695 4.502-4.695 4.502-0.217 0.223-0.502 0.335-0.787 0.335s-0.57-0.112-0.789-0.335c0 0-4.287-4.084-4.695-4.502s-0.436-1.17 0-1.615z"
                            />
                          </svg>
                        </div>
                      </div>
                    </div>
                  </div>
                  <button
                    class="float-right default-color-white btn btn-outline-warning btn-lg"
                    data-cy="select-submit"
                    type="submit"
                  >
                    <span
                      style="font-size: larger; font-weight: bolder; padding: 1vw;"
                    >
                      continue
                    </span>
                    <svg
                      aria-hidden="true"
                      class="svg-inline--fa fa-arrow-alt-circle-right fa-w-16 fa-lg "
                      data-icon="arrow-alt-circle-right"
                      data-prefix="fas"
                      focusable="false"
                      role="img"
                      viewBox="0 0 512 512"
                      xmlns="http://www.w3.org/2000/svg"
                    >
                      <path
                        d="M256 8c137 0 248 111 248 248S393 504 256 504 8 393 8 256 119 8 256 8zM140 300h116v70.9c0 10.7 13 16.1 20.5 8.5l114.3-114.9c4.7-4.7 4.7-12.2 0-16.9l-114.3-115c-7.6-7.6-20.5-2.2-20.5 8.5V212H140c-6.6 0-12 5.4-12 12v64c0 6.6 5.4 12 12 12z"
                        fill="currentColor"
                      />
                    </svg>
                  </button>
                </form>
              </div>
            </div>
            <div
              class="card-footer"
            />
          </div>
        </div>
      </div>
      <div
        class="mt-2 row"
      >
        <div
          class="col"
        />
      </div>
    </div>
  </body>,
  "container": <div>
    <div
      class="row"
    >
      <div
        class="col-md-6 col-sm-12 offset-md-3"
      >
        <div
          class="card"
          data-cy="tournament-form"
          style="width: 100%; margin: auto; background-color: inherit; border-color: #ffc107; border-width: 3px; text-align: left;"
        >
          <h2
            class="card-header"
          >
            tournament
          </h2>
          <div
            class="card-body"
          >
            <div
              class="col"
            >
              <form
                class=""
              >
                <label
                  for="tournamentSelect"
                >
                  select
                </label>
                <div
                  class=" css-2b097c-container"
                  id="tournamentSelect"
                >
                  <span
                    aria-atomic="false"
                    aria-live="polite"
                    aria-relevant="additions text"
                    class="css-1f43avz-a11yText-A11yText"
                  />
                  <div
                    class=" css-fjyw0r-control"
                  >
                    <div
                      class=" css-4pj5om-ValueContainer"
                    >
                      <div
                        class=" css-1uccc91-singleValue"
                      >
                        hFarm2 - 2020/09/05 @ progress.new
                      </div>
                      <div
                        class="css-b8ldur-Input"
                      >
                        <div
                          class=""
                          style="display: inline-block;"
                        >
                          <input
                            aria-autocomplete="list"
                            aria-label="select"
                            autocapitalize="none"
                            autocomplete="off"
                            autocorrect="off"
                            id="react-select-3-input"
                            spellcheck="false"
                            style="box-sizing: content-box; width: 2px; border: 0px; opacity: 1; outline: 0; padding: 0px;"
                            tabindex="0"
                            type="text"
                            value=""
                          />
                          <div
                            style="position: absolute; top: 0px; left: 0px; visibility: hidden; height: 0px; overflow: scroll; white-space: pre; font-family: -webkit-small-control; letter-spacing: normal; text-transform: none;"
                          />
                        </div>
                      </div>
                    </div>
                    <div
                      class=" css-1hb7zxy-IndicatorsContainer"
                    >
                      <div
                        aria-hidden="true"
                        class=" css-tlfecz-indicatorContainer"
                      >
                        <svg
                          aria-hidden="true"
                          class="css-tj5bde-Svg"
                          focusable="false"
                          height="20"
                          viewBox="0 0 20 20"
                          width="20"
                        >
                          <path
                            d="M14.348 14.849c-0.469 0.469-1.229 0.469-1.697 0l-2.651-3.030-2.651 3.029c-0.469 0.469-1.229 0.469-1.697 0-0.469-0.469-0.469-1.229 0-1.697l2.758-3.15-2.759-3.152c-0.469-0.469-0.469-1.228 0-1.697s1.228-0.469 1.697 0l2.652 3.031 2.651-3.031c0.469-0.469 1.228-0.469 1.697 0s0.469 1.229 0 1.697l-2.758 3.152 2.758 3.15c0.469 0.469 0.469 1.229 0 1.698z"
                          />
                        </svg>
                      </div>
                      <span
                        style="align-self: stretch; background-color: green; margin-bottom: 8px; margin-top: 8px; margin-right: 10px; width: 1px;"
                      />
                      <div
                        aria-hidden="true"
                        class=" css-tlfecz-indicatorContainer"
                      >
                        <svg
                          aria-hidden="true"
                          class="css-tj5bde-Svg"
                          focusable="false"
                          height="20"
                          viewBox="0 0 20 20"
                          width="20"
                        >
                          <path
                            d="M4.516 7.548c0.436-0.446 1.043-0.481 1.576 0l3.908 3.747 3.908-3.747c0.533-0.481 1.141-0.446 1.574 0 0.436 0.445 0.408 1.197 0 1.615-0.406 0.418-4.695 4.502-4.695 4.502-0.217 0.223-0.502 0.335-0.787 0.335s-0.57-0.112-0.789-0.335c0 0-4.287-4.084-4.695-4.502s-0.436-1.17 0-1.615z"
                          />
                        </svg>
                      </div>
                    </div>
                  </div>
                </div>
                <button
                  class="float-right default-color-white btn btn-outline-warning btn-lg"
                  data-cy="select-submit"
                  type="submit"
                >
                  <span
                    style="font-size: larger; font-weight: bolder; padding: 1vw;"
                  >
                    continue
                  </span>
                  <svg
                    aria-hidden="true"
                    class="svg-inline--fa fa-arrow-alt-circle-right fa-w-16 fa-lg "
                    data-icon="arrow-alt-circle-right"
                    data-prefix="fas"
                    focusable="false"
                    role="img"
                    viewBox="0 0 512 512"
                    xmlns="http://www.w3.org/2000/svg"
                  >
                    <path
                      d="M256 8c137 0 248 111 248 248S393 504 256 504 8 393 8 256 119 8 256 8zM140 300h116v70.9c0 10.7 13 16.1 20.5 8.5l114.3-114.9c4.7-4.7 4.7-12.2 0-16.9l-114.3-115c-7.6-7.6-20.5-2.2-20.5 8.5V212H140c-6.6 0-12 5.4-12 12v64c0 6.6 5.4 12 12 12z"
                      fill="currentColor"
                    />
                  </svg>
                </button>
              </form>
            </div>
          </div>
          <div
            class="card-footer"
          />
        </div>
      </div>
    </div>
    <div
      class="mt-2 row"
    >
      <div
        class="col"
      />
    </div>
  </div>,
  "debug": [Function],
  "findAllByAltText": [Function],
  "findAllByDisplayValue": [Function],
  "findAllByLabelText": [Function],
  "findAllByPlaceholderText": [Function],
  "findAllByRole": [Function],
  "findAllByTestId": [Function],
  "findAllByText": [Function],
  "findAllByTitle": [Function],
  "findByAltText": [Function],
  "findByDisplayValue": [Function],
  "findByLabelText": [Function],
  "findByPlaceholderText": [Function],
  "findByRole": [Function],
  "findByTestId": [Function],
  "findByText": [Function],
  "findByTitle": [Function],
  "getAllByAltText": [Function],
  "getAllByDisplayValue": [Function],
  "getAllByLabelText": [Function],
  "getAllByPlaceholderText": [Function],
  "getAllByRole": [Function],
  "getAllByTestId": [Function],
  "getAllByText": [Function],
  "getAllByTitle": [Function],
  "getByAltText": [Function],
  "getByDisplayValue": [Function],
  "getByLabelText": [Function],
  "getByPlaceholderText": [Function],
  "getByRole": [Function],
  "getByTestId": [Function],
  "getByText": [Function],
  "getByTitle": [Function],
  "queryAllByAltText": [Function],
  "queryAllByDisplayValue": [Function],
  "queryAllByLabelText": [Function],
  "queryAllByPlaceholderText": [Function],
  "queryAllByRole": [Function],
  "queryAllByTestId": [Function],
  "queryAllByText": [Function],
  "queryAllByTitle": [Function],
  "queryByAltText": [Function],
  "queryByDisplayValue": [Function],
  "queryByLabelText": [Function],
  "queryByPlaceholderText": [Function],
  "queryByRole": [Function],
  "queryByTestId": [Function],
  "queryByText": [Function],
  "queryByTitle": [Function],
  "rerender": [Function],
  "unmount": [Function],
}
`;
