// Jest Snapshot v1, https://goo.gl/fbAQLP

exports[`Application  should render correctly 1`] = `
<StrictMode>
  <Provider
    store={
      Object {
        "dispatch": [Function],
        "getState": [Function],
        "replaceReducer": [Function],
        "subscribe": [Function],
        Symbol(observable): [Function],
      }
    }
  >
    <BrowserRouter>
      <App />
    </BrowserRouter>
  </Provider>
</StrictMode>
`;
