// Jest Snapshot v1, https://goo.gl/fbAQLP

exports[`<Login /> Should render with initial store state 1`] = `null`;
